// Jest Snapshot v1, https://goo.gl/fbAQLP

exports[`Tests for GifExpertApp Must render the component properly 1`] = `
<Fragment>
  <h2>
    GiftExpertApp
  </h2>
  <AddCategory
    setCategories={[Function]}
  />
  <hr />
  <ol />
</Fragment>
`;
